// Jest Snapshot v1, https://goo.gl/fbAQLP

exports[`CreateProject renders without crashing 1`] = `
<div
  className="create-project"
>
  <h2>
    CreateProject
  </h2>
</div>
`;
