// Jest Snapshot v1, https://goo.gl/fbAQLP

exports[`ProjectSummary renders without crashing 1`] = `
<div
  className="card z-depth-0 project-summary"
>
  <div
    className="card-content grey-text text-darken-3"
  >
    <span
      className="card-title"
    >
      Project Title
    </span>
    <p>
      Posted by Luke Draper
    </p>
    <p
      className="grey-text"
    >
      3rd September, 2018
    </p>
  </div>
</div>
`;
