// Jest Snapshot v1, https://goo.gl/fbAQLP

exports[`ProjectList renders without crashing 1`] = `
<div
  className="project-list"
>
  <h3>
    ProjectList
  </h3>
</div>
`;
