// Jest Snapshot v1, https://goo.gl/fbAQLP

exports[`SignIn renders without crashing 1`] = `
<div
  className="sign-in"
>
  <h3>
    SignIn
  </h3>
</div>
`;
