// Jest Snapshot v1, https://goo.gl/fbAQLP

exports[`SignUp renders without crashing 1`] = `
<div
  className="SignUp"
>
  <p>
    SignUp
  </p>
</div>
`;
