// Jest Snapshot v1, https://goo.gl/fbAQLP

exports[`Navbar renders without crashing 1`] = `
<nav
  className="nav-wrapper grey darken-3"
>
  <div
    className="container"
  >
    <a
      className="brand-logo"
      href="/"
      onClick={[Function]}
    >
      MarioPlan
    </a>
  </div>
</nav>
`;
