// Jest Snapshot v1, https://goo.gl/fbAQLP

exports[`SignedOutLinks renders without crashing 1`] = `
<ul
  className="right SignedOutLinks"
>
  <li>
    <a
      aria-current="page"
      className="active"
      href="/"
      onClick={[Function]}
      style={Object {}}
    >
      Sign Up
    </a>
  </li>
  <li>
    <a
      aria-current="page"
      className="active"
      href="/"
      onClick={[Function]}
      style={Object {}}
    >
      Log In
    </a>
  </li>
</ul>
`;
