// Jest Snapshot v1, https://goo.gl/fbAQLP

exports[`Notifications renders without crashing 1`] = `
<div
  className="Notifications"
>
  <p>
    Notifications
  </p>
</div>
`;
